// Vitest Snapshot v1, https://vitest.dev/guide/snapshot.html

exports[`renders with no props 1`] = `null`;
