// Vitest Snapshot v1, https://vitest.dev/guide/snapshot.html

exports[`renders the component with an order prop 1`] = `
<section
  aria-label="Order Purchase Details"
  class="grid gap-3"
>
  <h4
    class="font-semibold"
  >
    Purchase Details
  </h4>
   
  <ul
    class="grid gap-3"
  >
    <li
      class="flex items-center justify-between"
    >
      <span
        class="text-muted-foreground"
      >
        Handmade Ceramic Mug x 
        <span>
          4
        </span>
      </span>
       
      <span>
        $1,216.00
      </span>
    </li>
    
  </ul>
   
  <div
    aria-hidden="true"
    class="bg-border shrink-0 h-[1px] w-full my-2"
    data-melt-separator=""
    data-orientation="horizontal"
    data-separator-root=""
    role="none"
  />
  <!---->
  
  <!---->
   
  <ul
    class="grid gap-3"
  >
    <li
      class="flex items-center justify-between"
    >
      <span
        class="text-muted-foreground"
      >
        Subtotal
      </span>
       
      <span>
        $1,216.00
      </span>
    </li>
     
    <li
      class="flex items-center justify-between"
    >
      <span
        class="text-muted-foreground"
      >
        Shipping
      </span>
       
      <span>
        $26.99
      </span>
    </li>
     
    <li
      class="flex items-center justify-between"
    >
      <span
        class="text-muted-foreground"
      >
        Tax
      </span>
       
      <span>
        $109.44
      </span>
    </li>
     
    <li
      class="flex items-center justify-between font-semibold"
    >
      <span
        class="text-muted-foreground"
      >
        Total
      </span>
       
      <span>
        $1,352.43
      </span>
    </li>
  </ul>
</section>
`;
